ASxxxx Linker V03.00 + NoICE + sdld,  page 1.
Hexadecimal  [32-Bits]

Area                                    Addr        Size        Decimal Bytes (Attributes)
--------------------------------        ----        ----        ------- ----- ------------
CABS                                00000000    00000000 =           0. bytes (ABS,CON,CODE)

      Value  Global                              Global Defined In Module
      -----  --------------------------------   ------------------------
C:   00000000  l_BSEG                          
C:   00000000  l_BSEG_BYTES                    
C:   00000000  l_CABS                          
C:   00000000  l_GSINIT1                       
C:   00000000  l_GSINIT5                       
C:   00000000  l_IABS                          
C:   00000000  l_PSEG                          
C:   00000000  l_REG_BANK_1                    
C:   00000000  l_REG_BANK_2                    
C:   00000000  l_REG_BANK_3                    
C:   00000000  l_RSEG                          
C:   00000000  l_RSEG0                         
C:   00000000  l_RSEG1                         
C:   00000000  l_XABS                          
C:   00000000  l_XINIT                         
C:   00000000  l_XISEG                         
C:   00000000  l_XSEG                          
C:   00000000  l__CODE                         
C:   00000000  s_BSEG                          
C:   00000000  s_CABS                          
C:   00000000  s_DSEG                          
C:   00000000  s_HOME                          
C:   00000000  s_IABS                          
C:   00000000  s_REG_BANK_0                    
C:   00000000  s_RSEG                          
C:   00000000  s_RSEG0                         
C:   00000000  s_RSEG1                         
C:   00000000  s_XABS                          
C:   00000001  l_BIT_BANK                      
C:   00000001  s_PSEG                          
C:   00000001  s_XISEG                         
C:   00000001  s_XSEG                          
C:   00000003  l_GSFINAL                       
C:   00000003  l_GSINIT0                       
C:   00000003  l_OSEG                          
C:   00000008  l_ISEG                          
C:   00000008  l_REG_BANK_0                    
C:   00000008  s_REG_BANK_1                    
C:   0000000A  l_GSINIT2                       
C:   0000000B  l_GSINIT                        
C:   00000010  s_REG_BANK_2                    
C:   00000017  s_OSEG                          
C:   00000018  s_REG_BANK_3                    
C:   00000020  s_BIT_BANK                      
C:   00000020  s_BSEG_BYTES                    
C:   00000020  s__CODE                         
C:   00000022  l_GSINIT3                       
C:   00000029  l_HOME                          
C:   00000029  s_GSINIT0                       
C:   0000002A  l_GSINIT4                       
ASxxxx Linker V03.00 + NoICE + sdld,  page 2.
Hexadecimal  [32-Bits]

Area                                    Addr        Size        Decimal Bytes (Attributes)
--------------------------------        ----        ----        ------- ----- ------------
CABS                                00000000    00000000 =           0. bytes (ABS,CON,CODE)

      Value  Global                              Global Defined In Module
      -----  --------------------------------   ------------------------
C:   0000002C  s_GSINIT1                       
C:   0000002C  s_GSINIT2                       
C:   00000036  s_GSINIT3                       
C:   00000055  s_ISEG                          
C:   00000058  s_GSINIT4                       
C:   0000005D  s_SSEG                          
C:   0000007A  l_DSEG                          
C:   00000082  s_GSINIT                        
C:   00000082  s_GSINIT5                       
C:   0000008D  s_GSFINAL                       
C:   00000090  s_CSEG                          
C:   000000A3  l_SSEG                          
C:   00000100  l_IRAM                          
C:   0000049D  l_CONST                         
C:   00000F03  l_CSEG                          
C:   00000F93  s_CONST                         
C:   00001430  s_XINIT                         

ASxxxx Linker V03.00 + NoICE + sdld,  page 3.
Hexadecimal  [32-Bits]

Area                                    Addr        Size        Decimal Bytes (Attributes)
--------------------------------        ----        ----        ------- ----- ------------
.  .ABS.                            00000000    00000000 =           0. bytes (ABS,CON)

      Value  Global                              Global Defined In Module
      -----  --------------------------------   ------------------------
     00000000  .__.ABS.                           _startup
     00000080  _P0                                usbcore
     00000080  _P0_0                              usbcore
     00000081  _P0_1                              usbcore
     00000081  _SP                                usbcore
     00000082  _DPL                               usbcore
     00000082  _P0_2                              usbcore
     00000083  _DPH                               usbcore
     00000083  _P0_3                              usbcore
     00000084  _P0_4                              usbcore
     00000085  _P0_5                              usbcore
     00000086  _P0_6                              usbcore
     00000087  _P0_7                              usbcore
     00000087  _PCON                              usbcore
     00000088  _IT0                               usbcore
     00000088  _TCON                              usbcore
     00000089  _IE0                               usbcore
     00000089  _TMOD                              usbcore
     0000008A  _IT1                               usbcore
     0000008A  _TL0                               usbcore
     0000008B  _IE1                               usbcore
     0000008B  _TL1                               usbcore
     0000008C  _TH0                               usbcore
     0000008C  _TR0                               usbcore
     0000008D  _TF0                               usbcore
     0000008D  _TH1                               usbcore
     0000008E  _TR1                               usbcore
     0000008F  _TF1                               usbcore
     00000090  _P1                                usbcore
     00000090  _P1_0                              usbcore
     00000091  _P1_1                              usbcore
     00000092  _P1_2                              usbcore
     00000093  _P1_3                              usbcore
     00000094  _P1_4                              usbcore
     00000095  _P1_5                              usbcore
     00000096  _P1_6                              usbcore
     00000097  _P1_7                              usbcore
     00000098  _RI                                usbcore
     00000098  _SCON                              usbcore
     00000099  _SBUF                              usbcore
     00000099  _TI                                usbcore
     0000009A  _RB8                               usbcore
     0000009B  _TB8                               usbcore
     0000009C  _REN                               usbcore
     0000009D  _SM2                               usbcore
     0000009E  _SM1                               usbcore
     0000009F  _SM0                               usbcore
     000000A0  _P2                                usbcore
     000000A0  _P2_0                              usbcore
     000000A0  __XPAGE                            
ASxxxx Linker V03.00 + NoICE + sdld,  page 4.
Hexadecimal  [32-Bits]

Area                                    Addr        Size        Decimal Bytes (Attributes)
--------------------------------        ----        ----        ------- ----- ------------
.  .ABS.                            00000000    00000000 =           0. bytes (ABS,CON)

      Value  Global                              Global Defined In Module
      -----  --------------------------------   ------------------------
     000000A1  _P2_1                              usbcore
     000000A2  _P2_2                              usbcore
     000000A3  _P2_3                              usbcore
     000000A4  _P2_4                              usbcore
     000000A5  _P2_5                              usbcore
     000000A6  _P2_6                              usbcore
     000000A7  _P2_7                              usbcore
     000000A8  _EX0                               usbcore
     000000A8  _IE                                usbcore
     000000A9  _ET0                               usbcore
     000000AA  _EX1                               usbcore
     000000AB  _ET1                               usbcore
     000000AC  _ES                                usbcore
     000000AD  _ET2                               usbcore
     000000AF  _EA                                usbcore
     000000B0  _P3                                usbcore
     000000B0  _P3_0                              usbcore
     000000B0  _RXD                               usbcore
     000000B1  _P3_1                              usbcore
     000000B1  _TXD                               usbcore
     000000B2  _INT0                              usbcore
     000000B2  _P3_2                              usbcore
     000000B3  _INT1                              usbcore
     000000B3  _P3_3                              usbcore
     000000B4  _P3_4                              usbcore
     000000B4  _T0                                usbcore
     000000B5  _P3_5                              usbcore
     000000B5  _T1                                usbcore
     000000B6  _P3_6                              usbcore
     000000B6  _WR                                usbcore
     000000B7  _P3_7                              usbcore
     000000B7  _RD                                usbcore
     000000B8  _IP                                usbcore
     000000B8  _PX0                               usbcore
     000000B9  _PT0                               usbcore
     000000BA  _PX1                               usbcore
     000000BB  _PT1                               usbcore
     000000BC  _PS                                usbcore
     000000BD  _PT2                               usbcore
     000000C8  _CP_RL2                            usbcore
     000000C8  _T2CON                             usbcore
     000000C8  _T2CON_0                           usbcore
     000000C9  _C_T2                              usbcore
     000000C9  _T2CON_1                           usbcore
     000000CA  _RCAP2L                            usbcore
     000000CA  _T2CON_2                           usbcore
     000000CA  _TR2                               usbcore
     000000CB  _EXEN2                             usbcore
     000000CB  _RCAP2H                            usbcore
     000000CB  _T2CON_3                           usbcore
     000000CC  _T2CON_4                           usbcore
ASxxxx Linker V03.00 + NoICE + sdld,  page 5.
Hexadecimal  [32-Bits]

Area                                    Addr        Size        Decimal Bytes (Attributes)
--------------------------------        ----        ----        ------- ----- ------------
.  .ABS.                            00000000    00000000 =           0. bytes (ABS,CON)

      Value  Global                              Global Defined In Module
      -----  --------------------------------   ------------------------
     000000CC  _TCLK                              usbcore
     000000CC  _TL2                               usbcore
     000000CD  _RCLK                              usbcore
     000000CD  _T2CON_5                           usbcore
     000000CD  _TH2                               usbcore
     000000CE  _EXF2                              usbcore
     000000CE  _T2CON_6                           usbcore
     000000CF  _T2CON_7                           usbcore
     000000CF  _TF2                               usbcore
     000000D0  _P                                 usbcore
     000000D0  _PSW                               usbcore
     000000D1  _F1                                usbcore
     000000D2  _OV                                usbcore
     000000D3  _RS0                               usbcore
     000000D4  _RS1                               usbcore
     000000D5  _F0                                usbcore
     000000D6  _AC                                usbcore
     000000D7  _CY                                usbcore
     000000E0  _ACC                               usbcore
     000000F0  _B                                 usbcore
     000000F5  _B_5                               _gptrget
     000000F6  _B_6                               _gptrget
     000000F7  _B_7                               _gptrget

ASxxxx Linker V03.00 + NoICE + sdld,  page 6.
Hexadecimal  [32-Bits]

Area                                    Addr        Size        Decimal Bytes (Attributes)
--------------------------------        ----        ----        ------- ----- ------------
REG_BANK_0                          00000000    00000008 =           8. bytes (REL,OVR)

      Value  Global                              Global Defined In Module
      -----  --------------------------------   ------------------------
ASxxxx Linker V03.00 + NoICE + sdld,  page 7.
Hexadecimal  [32-Bits]

Area                                    Addr        Size        Decimal Bytes (Attributes)
--------------------------------        ----        ----        ------- ----- ------------
BIT_BANK                            00000020    00000001 =           1. bytes (REL,OVR)

      Value  Global                              Global Defined In Module
      -----  --------------------------------   ------------------------
ASxxxx Linker V03.00 + NoICE + sdld,  page 8.
Hexadecimal  [32-Bits]

Area                                    Addr        Size        Decimal Bytes (Attributes)
--------------------------------        ----        ----        ------- ----- ------------
DSEG                                00000000    0000007A =         122. bytes (REL,CON)

      Value  Global                              Global Defined In Module
      -----  --------------------------------   ------------------------
     0000000F  _D12_read_endpoint_buffer_PARM_2   pdiusb
     00000010  _D12_read_endpoint_buffer_PARM_3   pdiusb
     00000013  _D12_write_endpoint_buffer_PARM_   pdiusb
     00000014  _D12_write_endpoint_buffer_PARM_   pdiusb
     00000021  _sending                           uart
     00000033  _dump_hex_PARM_2                   uart
     00000035  _bmRequestType                     usbcore
     00000036  _bRequest                          usbcore
     00000037  _wValue                            usbcore
     00000039  _wIndex                            usbcore
     0000003B  _wLength                           usbcore
     0000003D  _pSendData                         usbcore
     00000040  _SendLength                        usbcore
     00000042  _NeedZeroPacket                    usbcore
     00000043  _Ep1InIsBusy                       usbcore
     00000044  _ConfigValue                       usbcore

ASxxxx Linker V03.00 + NoICE + sdld,  page 9.
Hexadecimal  [32-Bits]

Area                                    Addr        Size        Decimal Bytes (Attributes)
--------------------------------        ----        ----        ------- ----- ------------
OSEG                                00000017    00000003 =           3. bytes (REL,OVR)

      Value  Global                              Global Defined In Module
      -----  --------------------------------   ------------------------
     00000017  __divsint_PARM_2                   _divuint
     00000017  __divuint_PARM_2                   _divuint
     00000017  __gptrput_PARM_2                   _gptrput
     00000017  __modsint_PARM_2                   _moduint
     00000017  __moduint_PARM_2                   _moduint
     00000017  _led_light_on_PARM_2               led
     00000017  _memset_PARM_2                     _memset
     00000018  _memset_PARM_3                     _memset

ASxxxx Linker V03.00 + NoICE + sdld,  page 10.
Hexadecimal  [32-Bits]

Area                                    Addr        Size        Decimal Bytes (Attributes)
--------------------------------        ----        ----        ------- ----- ------------
ISEG                                00000055    00000008 =           8. bytes (REL,CON)

      Value  Global                              Global Defined In Module
      -----  --------------------------------   ------------------------
     00000055  _KeyCurrent                        key
     00000056  _KeyOld                            key
     00000057  _KeyNoChangedTime                  key
     00000058  _KeyPress                          key
     00000059  _KeyDown                           key
     0000005A  _KeyUp                             key
     0000005B  _KeyLast                           key
     0000005C  _KeyCanChange                      key

ASxxxx Linker V03.00 + NoICE + sdld,  page 11.
Hexadecimal  [32-Bits]

Area                                    Addr        Size        Decimal Bytes (Attributes)
--------------------------------        ----        ----        ------- ----- ------------
SSEG                                0000005D    000000A3 =         163. bytes (REL,OVR)

      Value  Global                              Global Defined In Module
      -----  --------------------------------   ------------------------
     0000005D  __start__stack                     main

ASxxxx Linker V03.00 + NoICE + sdld,  page 12.
Hexadecimal  [32-Bits]

Area                                    Addr        Size        Decimal Bytes (Attributes)
--------------------------------        ----        ----        ------- ----- ------------
HOME                                00000000    00000029 =          41. bytes (REL,CON,CODE)

      Value  Global                              Global Defined In Module
      -----  --------------------------------   ------------------------
C:   00000026  __sdcc_program_startup             main

ASxxxx Linker V03.00 + NoICE + sdld,  page 13.
Hexadecimal  [32-Bits]

Area                                    Addr        Size        Decimal Bytes (Attributes)
--------------------------------        ----        ----        ------- ----- ------------
GSINIT0                             00000029    00000003 =           3. bytes (REL,CON,CODE)

      Value  Global                              Global Defined In Module
      -----  --------------------------------   ------------------------
C:   00000029  __sdcc_gsinit_startup              

ASxxxx Linker V03.00 + NoICE + sdld,  page 14.
Hexadecimal  [32-Bits]

Area                                    Addr        Size        Decimal Bytes (Attributes)
--------------------------------        ----        ----        ------- ----- ------------
GSINIT2                             0000002C    0000000A =          10. bytes (REL,CON,CODE)

      Value  Global                              Global Defined In Module
      -----  --------------------------------   ------------------------
ASxxxx Linker V03.00 + NoICE + sdld,  page 15.
Hexadecimal  [32-Bits]

Area                                    Addr        Size        Decimal Bytes (Attributes)
--------------------------------        ----        ----        ------- ----- ------------
GSINIT3                             00000036    00000022 =          34. bytes (REL,CON,CODE)

      Value  Global                              Global Defined In Module
      -----  --------------------------------   ------------------------
C:   00000036  __mcs51_genXINIT                   

ASxxxx Linker V03.00 + NoICE + sdld,  page 16.
Hexadecimal  [32-Bits]

Area                                    Addr        Size        Decimal Bytes (Attributes)
--------------------------------        ----        ----        ------- ----- ------------
GSINIT4                             00000058    0000002A =          42. bytes (REL,CON,CODE)

      Value  Global                              Global Defined In Module
      -----  --------------------------------   ------------------------
C:   00000058  __mcs51_genRAMCLEAR                
C:   0000005E  __mcs51_genXRAMCLEAR               

ASxxxx Linker V03.00 + NoICE + sdld,  page 17.
Hexadecimal  [32-Bits]

Area                                    Addr        Size        Decimal Bytes (Attributes)
--------------------------------        ----        ----        ------- ----- ------------
GSINIT                              00000082    0000000B =          11. bytes (REL,CON,CODE)

      Value  Global                              Global Defined In Module
      -----  --------------------------------   ------------------------
ASxxxx Linker V03.00 + NoICE + sdld,  page 18.
Hexadecimal  [32-Bits]

Area                                    Addr        Size        Decimal Bytes (Attributes)
--------------------------------        ----        ----        ------- ----- ------------
GSFINAL                             0000008D    00000003 =           3. bytes (REL,CON,CODE)

      Value  Global                              Global Defined In Module
      -----  --------------------------------   ------------------------
ASxxxx Linker V03.00 + NoICE + sdld,  page 19.
Hexadecimal  [32-Bits]

Area                                    Addr        Size        Decimal Bytes (Attributes)
--------------------------------        ----        ----        ------- ----- ------------
CSEG                                00000090    00000F03 =        3843. bytes (REL,CON,CODE)

      Value  Global                              Global Defined In Module
      -----  --------------------------------   ------------------------
C:   00000090  _delay_ms                          delay
C:   000000AD  _init_EXT0                         ext
C:   000000BF  _init_key_board                    key
C:   000000E6  _key_scan                          key
C:   00000142  _key_scan_once                     key
C:   00000192  _led_light_on                      led
C:   000001CA  _led_light_is_on                   led
C:   000001ED  _main                              main
C:   000002B0  _SendReport                        main
C:   00000347  _ext0_ISR                          main
C:   000003E2  _timer0_ISR                        main
C:   00000477  _uart_ISR                          main
C:   00000480  _D12_write_command                 pdiusb
C:   0000048E  _D12_read_byte                     pdiusb
C:   0000049A  _D12_read_id                       pdiusb
C:   000004BF  _D12_write_byte                    pdiusb
C:   000004CD  _D12_read_endpoint_last_status     pdiusb
C:   000004DA  _D12_select_endpoint               pdiusb
C:   000004DD  _D12_read_endpoint_buffer          pdiusb
C:   000005C4  _D12_clear_buffer                  pdiusb
C:   000005CA  _D12_Acknowlwdge_setup             pdiusb
C:   000005E2  _D12_validate_buffer               pdiusb
C:   000005E8  _D12_write_endpoint_buffer         pdiusb
C:   000006B4  _D12_set_address                   pdiusb
C:   000006C8  _D12_set_endpoint_enable           pdiusb
C:   000006E3  _init_timer0                       timer
C:   000006F8  _init_uart                         uart
C:   00000715  _uart_put_char                     uart
C:   00000720  _Prints                            uart
C:   0000074B  _print_short_hex                   uart
C:   00000792  _print_long_int                    uart
C:   00000809  _printc                            uart
C:   00000815  _print_hex                         uart
C:   00000854  _dump_hex                          uart
C:   000008C9  _usb_disconnect                    usbcore
C:   000008EA  _usb_connect                       usbcore
C:   00000905  _usb_bus_isr_suspend               usbcore
C:   0000090E  _usb_bus_isr_reset                 usbcore
C:   0000091B  _usb_bus_isr_ep0_out               usbcore
C:   00000D96  _usb_bus_isr_ep0_in                usbcore
C:   00000DA8  _usb_bus_isr_ep1_out               usbcore
C:   00000DB1  _usb_bus_isr_ep1_in                usbcore
C:   00000DC4  _usb_bus_isr_ep2_out               usbcore
C:   00000DCD  _usb_bus_isr_ep2_in                usbcore
C:   00000DD6  _usb_bus_ep0_send_data             usbcore
C:   00000E55  __divuint                          _divuint
C:   00000E7E  _memset                            _memset
C:   00000E9D  __gptrput                          _gptrput
C:   00000EB8  __moduint                          _moduint
C:   00000F05  __gptrget                          _gptrget
ASxxxx Linker V03.00 + NoICE + sdld,  page 20.
Hexadecimal  [32-Bits]

Area                                    Addr        Size        Decimal Bytes (Attributes)
--------------------------------        ----        ----        ------- ----- ------------
CSEG                                00000090    00000F03 =        3843. bytes (REL,CON,CODE)

      Value  Global                              Global Defined In Module
      -----  --------------------------------   ------------------------
C:   00000F21  __modsint                          _modsint
C:   00000F57  __divsint                          _divsint
C:   00000F8F  __sdcc_external_startup            _startup

ASxxxx Linker V03.00 + NoICE + sdld,  page 21.
Hexadecimal  [32-Bits]

Area                                    Addr        Size        Decimal Bytes (Attributes)
--------------------------------        ----        ----        ------- ----- ------------
CONST                               00000F93    0000049D =        1181. bytes (REL,CON,CODE)

      Value  Global                              Global Defined In Module
      -----  --------------------------------   ------------------------
C:   00000FDD  _hex_table                         uart
C:   00000FEF  _DeviceDescriptor                  usbcore
C:   00001001  _ConfigurationDescriptor           usbcore
C:   00001023  _languageId                        usbcore
C:   00001027  _ManufacturerStringDescriptor      usbcore
C:   00001085  _ProductStringDescriptor           usbcore
C:   0000109F  _SerialNumberStringDescriptor      usbcore
C:   000010B5  _ReportDescriptor                  usbcore

ASxxxx Linker V03.00 + NoICE + sdld,  page 22.

Files Linked                              [ module(s) ]

out/src/delay/delay.rel                   [  ]
out/src/ext/ext.rel                       [  ]
out/src/key/key.rel                       [  ]
out/src/led/led.rel                       [  ]
out/src/main/main.rel                     [  ]
out/src/mouse/mouse.rel                   [  ]
out/src/pdiusb/pdiusb.rel                 [  ]
out/src/timer/timer.rel                   [  ]
out/src/uart/uart.rel                     [  ]
out/src/usbcore/usbcore.rel               [  ]


Libraries Linked                          [ object file ]

/usr/local/bin/../share/sdcc/lib/small/libint.lib
                                          [ _divuint.rel ]
/usr/local/bin/../share/sdcc/lib/small/mcs51.lib
                                          [ crtclear.rel ]
/usr/local/bin/../share/sdcc/lib/small/libsdcc.lib
                                          [ _memset.rel ]
/usr/local/bin/../share/sdcc/lib/small/mcs51.lib
                                          [ crtxinit.rel ]
/usr/local/bin/../share/sdcc/lib/small/libsdcc.lib
                                          [ _gptrput.rel ]
/usr/local/bin/../share/sdcc/lib/small/libint.lib
                                          [ _moduint.rel ]
/usr/local/bin/../share/sdcc/lib/small/mcs51.lib
                                          [ crtxclear.rel ]
/usr/local/bin/../share/sdcc/lib/small/mcs51.lib
                                          [ crtpagesfr.rel ]
/usr/local/bin/../share/sdcc/lib/small/mcs51.lib
                                          [ crtstart.rel ]
/usr/local/bin/../share/sdcc/lib/small/libsdcc.lib
                                          [ _gptrget.rel ]
/usr/local/bin/../share/sdcc/lib/small/libint.lib
                                          [ _modsint.rel ]
/usr/local/bin/../share/sdcc/lib/small/libint.lib
                                          [ _divsint.rel ]
/usr/local/bin/../share/sdcc/lib/small/libsdcc.lib
                                          [ _startup.rel ]

ASxxxx Linker V03.00 + NoICE + sdld,  page 23.

User Base Address Definitions

HOME = 0x0000
XSEG = 0x0001
PSEG = 0x0001
ISEG = 0x0000
BSEG = 0x0000

